--------- beginning of main
07-08 14:23:00.112  4183  4211 I AppService: Navigator instance created, version 3.16.2 (nav-native f31c9d8)
07-08 14:23:00.132  4183  4211 I AppService: Config: profile=sample-dataset, dataVersion=2026_06_25-03_00_00, offline=fallback
07-08 14:23:00.282  4183  4234 D MbxTileStore: TileStore opened at /data/user/0/com.oem.nav/files/tile_store, quota 600MB
07-08 14:23:00.682  4183  812 I ActivityManager: Displayed com.oem.nav/.MainActivity: +1s340ms
07-08 14:23:01.782  4183  4211 I CoreSDK: RouteOptions: origin=48.1374,11.5755 dest=48.3538,11.7861 alternatives=true
07-08 14:23:02.082  4183  4211 I AppService: Route request 17 sent (online, sample-dataset)
07-08 14:23:02.982  4183  4211 I AppService: Route request 17 answered: 2 routes, primary 31.4km/29min
07-08 14:23:03.182  4183  4211 I CoreSDK: Active guidance started, route uuid=cj8xk2..., legIndex=0
07-08 14:23:04.182  4183  4211 D MbxLocation: Enhanced location: lat=48.1380 lon=11.5760 bearing=62 speed=13.0
07-08 14:23:05.182  4183  4211 D MbxLocation: Enhanced location: lat=48.1384 lon=11.5765 bearing=63 speed=13.1
07-08 14:23:06.182  4183  4211 D MbxLocation: Enhanced location: lat=48.1388 lon=11.5770 bearing=64 speed=13.2
07-08 14:23:06.232  4183  4234 D MbxTileStore: tile_store: tile request 14/8722/5741 (sample-dataset) -> cache hit
07-08 14:23:07.232  4183  4211 D MbxLocation: Enhanced location: lat=48.1392 lon=11.5775 bearing=65 speed=13.3
07-08 14:23:08.232  4183  4211 D MbxLocation: Enhanced location: lat=48.1396 lon=11.5780 bearing=66 speed=13.4
07-08 14:23:08.262  4183  4211 I AppService: Route progress: distanceRemaining=28320m durationRemaining=1638s
07-08 14:23:09.262  4183  4211 D MbxLocation: Enhanced location: lat=48.1400 lon=11.5785 bearing=67 speed=13.5
07-08 14:23:10.262  4183  4211 D MbxLocation: Enhanced location: lat=48.1404 lon=11.5790 bearing=68 speed=13.6
07-08 14:23:11.262  4183  4211 D MbxLocation: Enhanced location: lat=48.1408 lon=11.5795 bearing=62 speed=13.7
07-08 14:23:12.262  4183  4211 D MbxLocation: Enhanced location: lat=48.1412 lon=11.5800 bearing=63 speed=13.8
07-08 14:23:12.312  4183  4234 D MbxTileStore: tile_store: tile request 14/8723/5742 (sample-dataset) -> cache hit
07-08 14:23:13.312  4183  4211 D MbxLocation: Enhanced location: lat=48.1416 lon=11.5805 bearing=64 speed=13.9
07-08 14:23:14.312  4183  4211 D MbxLocation: Enhanced location: lat=48.1420 lon=11.5810 bearing=65 speed=13.0
07-08 14:23:15.312  4183  4211 D MbxLocation: Enhanced location: lat=48.1424 lon=11.5815 bearing=66 speed=13.1
07-08 14:23:16.312  4183  4211 D MbxLocation: Enhanced location: lat=48.1428 lon=11.5820 bearing=67 speed=13.2
07-08 14:23:17.312  4183  4211 D MbxLocation: Enhanced location: lat=48.1432 lon=11.5825 bearing=68 speed=13.3
07-08 14:23:17.342  4183  4211 I AppService: Route progress: distanceRemaining=26340m durationRemaining=1521s
07-08 14:23:18.342  4183  4211 D MbxLocation: Enhanced location: lat=48.1436 lon=11.5830 bearing=62 speed=13.4
07-08 14:23:18.392  4183  4234 D MbxTileStore: tile_store: tile request 14/8724/5743 (sample-dataset) -> cache hit
07-08 14:23:19.392  4183  4211 D MbxLocation: Enhanced location: lat=48.1440 lon=11.5835 bearing=63 speed=13.5
07-08 14:23:20.392  4183  4211 D MbxLocation: Enhanced location: lat=48.1444 lon=11.5840 bearing=64 speed=13.6
07-08 14:23:21.392  4183  4211 D MbxLocation: Enhanced location: lat=48.1448 lon=11.5845 bearing=65 speed=13.7
07-08 14:23:22.392  4183  4211 D MbxLocation: Enhanced location: lat=48.1452 lon=11.5850 bearing=66 speed=13.8
07-08 14:23:23.392  4183  4211 D MbxLocation: Enhanced location: lat=48.1456 lon=11.5855 bearing=67 speed=13.9
07-08 14:23:24.392  4183  4211 D MbxLocation: Enhanced location: lat=48.1460 lon=11.5860 bearing=68 speed=13.0
07-08 14:23:24.442  4183  4234 D MbxTileStore: tile_store: tile request 14/8725/5744 (sample-dataset) -> cache hit
07-08 14:23:24.452  4183  1290 W WifiService: Scan throttled for uid 10144
07-08 14:23:25.452  4183  4211 D MbxLocation: Enhanced location: lat=48.1464 lon=11.5865 bearing=62 speed=13.1
07-08 14:23:26.452  4183  4211 D MbxLocation: Enhanced location: lat=48.1468 lon=11.5870 bearing=63 speed=13.2
07-08 14:23:26.482  4183  4211 I AppService: Route progress: distanceRemaining=24360m durationRemaining=1404s
07-08 14:23:27.482  4183  4211 D MbxLocation: Enhanced location: lat=48.1472 lon=11.5875 bearing=64 speed=13.3
07-08 14:23:28.482  4183  4211 D MbxLocation: Enhanced location: lat=48.1476 lon=11.5880 bearing=65 speed=13.4
07-08 14:23:29.482  4183  4211 D MbxLocation: Enhanced location: lat=48.1480 lon=11.5885 bearing=66 speed=13.5
07-08 14:23:30.482  4183  4211 D MbxLocation: Enhanced location: lat=48.1484 lon=11.5890 bearing=67 speed=13.6
07-08 14:23:30.532  4183  4234 D MbxTileStore: tile_store: tile request 14/8726/5745 (sample-dataset) -> cache hit
07-08 14:23:31.532  4183  4211 D MbxLocation: Enhanced location: lat=48.1488 lon=11.5895 bearing=68 speed=13.7
07-08 14:23:32.532  4183  4211 D MbxLocation: Enhanced location: lat=48.1492 lon=11.5900 bearing=62 speed=13.8
07-08 14:23:33.532  4183  4211 D MbxLocation: Enhanced location: lat=48.1496 lon=11.5905 bearing=63 speed=13.9
07-08 14:23:34.532  4183  4211 D MbxLocation: Enhanced location: lat=48.1500 lon=11.5910 bearing=64 speed=13.0
07-08 14:23:35.532  4183  4211 D MbxLocation: Enhanced location: lat=48.1504 lon=11.5915 bearing=65 speed=13.1
07-08 14:23:35.562  4183  4211 I AppService: Route progress: distanceRemaining=22380m durationRemaining=1287s
07-08 14:23:36.562  4183  4211 D MbxLocation: Enhanced location: lat=48.1508 lon=11.5920 bearing=66 speed=13.2
07-08 14:23:36.612  4183  4234 D MbxTileStore: tile_store: tile request 14/8727/5746 (sample-dataset) -> cache hit
07-08 14:23:37.612  4183  4211 D MbxLocation: Enhanced location: lat=48.1512 lon=11.5925 bearing=67 speed=13.3
07-08 14:23:38.612  4183  4211 D MbxLocation: Enhanced location: lat=48.1516 lon=11.5930 bearing=68 speed=13.4
07-08 14:23:39.612  4183  4211 D MbxLocation: Enhanced location: lat=48.1520 lon=11.5935 bearing=62 speed=13.5
07-08 14:23:40.612  4183  4211 D MbxLocation: Enhanced location: lat=48.1524 lon=11.5940 bearing=63 speed=13.6
07-08 14:23:41.612  4183  4211 D MbxLocation: Enhanced location: lat=48.1528 lon=11.5945 bearing=64 speed=13.7
07-08 14:23:42.612  4183  4211 D MbxLocation: Enhanced location: lat=48.1532 lon=11.5950 bearing=65 speed=13.8
07-08 14:23:42.662  4183  4234 D MbxTileStore: tile_store: tile request 14/8728/5747 (sample-dataset) -> cache hit
07-08 14:23:43.662  4183  4211 D MbxLocation: Enhanced location: lat=48.1536 lon=11.5955 bearing=66 speed=13.9
07-08 14:23:45.062  4183  4252 I MbxAuth: Access token rotated by host app (len=87)
07-08 14:23:45.862  4183  4234 E MbxTileStore: tile_store: tile request 14/8729/5748 failed: HTTP 403 Forbidden (sample-dataset/2026_06_25-03_00_00)
07-08 14:23:45.962  4183  4234 W MbxTileStore: tile_store: scheduling retry 1/3 for tile 14/8729/5748
07-08 14:23:46.762  4183  4234 E MbxTileStore: tile_store: tile request 14/8730/5748 failed: HTTP 403 Forbidden (sample-dataset/2026_06_25-03_00_00)
07-08 14:23:46.862  4183  4234 W MbxTileStore: tile_store: scheduling retry 1/3 for tile 14/8730/5748
07-08 14:23:47.662  4183  4234 E MbxTileStore: tile_store: tile request 14/8730/5749 failed: HTTP 403 Forbidden (sample-dataset/2026_06_25-03_00_00)
07-08 14:23:47.762  4183  4234 W MbxTileStore: tile_store: scheduling retry 1/3 for tile 14/8730/5749
07-08 14:23:49.462  4183  4234 E MbxTileStore: tile_store: tile request 14/8729/5748 failed: HTTP 403 Forbidden (sample-dataset/2026_06_25-03_00_00)
07-08 14:23:49.562  4183  4234 W MbxTileStore: tile_store: scheduling retry 2/3 for tile 14/8729/5748
07-08 14:23:51.262  4183  4234 E MbxTileStore: tile_store: tile request 14/8730/5748 failed: HTTP 403 Forbidden (sample-dataset/2026_06_25-03_00_00)
07-08 14:23:51.362  4183  4234 W MbxTileStore: tile_store: scheduling retry 2/3 for tile 14/8730/5748
07-08 14:23:53.062  4183  4234 E MbxTileStore: tile_store: tile request 14/8730/5749 failed: HTTP 403 Forbidden (sample-dataset/2026_06_25-03_00_00)
07-08 14:23:53.162  4183  4234 W MbxTileStore: tile_store: scheduling retry 2/3 for tile 14/8730/5749
07-08 14:23:54.862  4183  4234 E MbxTileStore: tile_store: tile request 14/8729/5748 failed: HTTP 403 Forbidden (sample-dataset/2026_06_25-03_00_00)
07-08 14:23:54.962  4183  4234 W MbxTileStore: tile_store: scheduling retry 3/3 for tile 14/8729/5748
07-08 14:23:56.662  4183  4234 E MbxTileStore: tile_store: tile request 14/8730/5748 failed: HTTP 403 Forbidden (sample-dataset/2026_06_25-03_00_00)
07-08 14:23:56.762  4183  4234 W MbxTileStore: tile_store: scheduling retry 3/3 for tile 14/8730/5748
07-08 14:23:58.462  4183  4234 E MbxTileStore: tile_store: tile request 14/8730/5749 failed: HTTP 403 Forbidden (sample-dataset/2026_06_25-03_00_00)
07-08 14:23:58.562  4183  4234 W MbxTileStore: tile_store: scheduling retry 3/3 for tile 14/8730/5749
07-08 14:24:00.562  4183  4234 E MbxTileStore: tile_store: cannot satisfy request for tile 14/8729/5748: all retries exhausted
07-08 14:24:00.962  4183  4234 E MbxTileStore: tile_store: cannot satisfy request for tile 14/8730/5748: all retries exhausted
07-08 14:24:02.162  4183  4211 W AppService: Tile pack 14/8730/5749 load time exceeds 30 secs, degrading to cached 2026_06_11 data
07-08 14:24:03.062  4183  4211 E AppService: Failed waiting for tile 14/8730/5749 (sample-dataset), matcher falling back to offline graph
07-08 14:24:04.062  4183  4211 D MbxLocation: Enhanced location: lat=48.1545 lon=11.5965 bearing=188 speed=12.0
07-08 14:24:05.062  4183  4211 D MbxLocation: Enhanced location: lat=48.1548 lon=11.5969 bearing=199 speed=12.1
07-08 14:24:06.062  4183  4211 D MbxLocation: Enhanced location: lat=48.1551 lon=11.5973 bearing=210 speed=12.2
07-08 14:24:07.062  4183  4211 D MbxLocation: Enhanced location: lat=48.1554 lon=11.5977 bearing=221 speed=12.3
07-08 14:24:07.112  4183  4211 W AppService: Map matching confidence dropped to 0.28: sparse tile coverage in current region
07-08 14:24:08.112  4183  4211 D MbxLocation: Enhanced location: lat=48.1557 lon=11.5981 bearing=192 speed=12.4
07-08 14:24:09.112  4183  4211 D MbxLocation: Enhanced location: lat=48.1560 lon=11.5985 bearing=203 speed=12.5
07-08 14:24:10.112  4183  4211 D MbxLocation: Enhanced location: lat=48.1563 lon=11.5989 bearing=214 speed=12.6
07-08 14:24:11.112  4183  4211 D MbxLocation: Enhanced location: lat=48.1566 lon=11.5993 bearing=225 speed=12.7
07-08 14:24:11.162  4183  4211 W AppService: Map matching confidence dropped to 0.24: sparse tile coverage in current region
07-08 14:24:12.162  4183  4211 D MbxLocation: Enhanced location: lat=48.1569 lon=11.5997 bearing=196 speed=12.8
07-08 14:24:13.162  4183  4211 D MbxLocation: Enhanced location: lat=48.1572 lon=11.6001 bearing=207 speed=12.9
07-08 14:24:14.162  4183  4211 D MbxLocation: Enhanced location: lat=48.1575 lon=11.6005 bearing=218 speed=12.0
07-08 14:24:15.162  4183  4211 D MbxLocation: Enhanced location: lat=48.1578 lon=11.6009 bearing=189 speed=12.1
07-08 14:24:15.562  4183  4211 W AppService: Off-route detected (confidence 0.41) at 48.1581,11.6009 ? requesting reroute
07-08 14:24:15.762  4183  4211 I AppService: Route request 18 sent (online, sample-dataset)
07-08 14:24:16.662  4183  4252 E CoreSDK: Router error: RequestDenied (HTTP 403) for route request 18
07-08 14:24:16.962  4183  4252 W CoreSDK: Route request retry 1/3 after RequestDenied
07-08 14:24:19.062  4183  4252 E CoreSDK: Router error: RequestDenied (HTTP 403) for route request 18 (retry 1)
07-08 14:24:20.662  4183  4234 E AppService: Assertion failed: pending_batch_.size() <= kMaxPendingTiles in TileStore::applyPendingBatch (tile_store.cpp:412)
07-08 14:24:20.712  4183  4234 F libc: Fatal signal 11 (SIGSEGV), code 1 (SEGV_MAPERR), fault addr 0x18 in tid 4234 (TileStoreWorker), pid 4183 (com.oem.nav)
07-08 14:24:21.012  4183  4501 E DEBUG: *** *** *** *** *** *** *** *** *** *** *** *** *** *** *** ***
07-08 14:24:21.022  4183  4501 E DEBUG: backtrace:
07-08 14:24:21.032  4183  4501 E DEBUG:     #00 pc 00000000003f2a18  libnavigator-native.so (appservice::nav::TileStore::applyPendingBatch(appservice::nav::TileBatch&&)+312)
07-08 14:24:21.042  4183  4501 E DEBUG:     #01 pc 00000000003f11c4  libnavigator-native.so (appservice::nav::TileStore::onFetchComplete(appservice::nav::TileFetchResult const&)+180)
07-08 14:24:21.052  4183  4501 E DEBUG:     #02 pc 00000000001c8890  libnavigator-native.so (appservice::common::WorkQueue::run()+256)
07-08 14:24:21.952  4183  812 I ActivityManager: Process com.oem.nav (pid 4183) has died: fg TOP
